Publisher connected
Subscribed to: pump/status
CRC287DEVICECGM
Published: CGM|845c0229-8fbc-410c-b774-fd73397f692f|glucose|102.0|0|287|0101
Published glucose: 102.0
CRC1381DEVICECGM
Published: CGM|845c0229-8fbc-410c-b774-fd73397f692f|glucose|105.0|1|1381|0101
Published glucose: 105.0
CRC2787DEVICECGM
Published: CGM|845c0229-8fbc-410c-b774-fd73397f692f|glucose|108.0|2|2787|0101
Published glucose: 108.0
CRC1396DEVICEPUMP
CRC2521DEVICEremote
CRC1289DEVICEremote
CRC345DEVICECGM
Published: CGM|845c0229-8fbc-410c-b774-fd73397f692f|glucose|98.0|3|345|0101
Published glucose: 98.0
CRC957DEVICECGM
Published: CGM|845c0229-8fbc-410c-b774-fd73397f692f|glucose|104.8|4|957|0101
Published glucose: 104.8
CRC832DEVICEPUMP
CRC3785DEVICECGM
Published: CGM|845c0229-8fbc-410c-b774-fd73397f692f|glucose|100.33|5|3785|0101
Published glucose: 100.33
CRC1842DEVICECGM
Published: CGM|845c0229-8fbc-410c-b774-fd73397f692f|glucose|112.4305|6|1842|0101
Published glucose: 112.4305
CRC3409DEVICEPUMP
CRC2184DEVICECGM
Published: CGM|845c0229-8fbc-410c-b774-fd73397f692f|glucose|126.774265|7|2184|0101
Published glucose: 126.774265
CRC1353DEVICEPUMP
CRC2010DEVICEPUMP
CRC373DEVICECGM
Published: CGM|845c0229-8fbc-410c-b774-fd73397f692f|glucose|141.03230165|8|373|0101
Published glucose: 141.03230165
CRC2275DEVICEPUMP
CRC1625DEVICECGM
Published: CGM|845c0229-8fbc-410c-b774-fd73397f692f|glucose|157.8535802045|9|1625|0101
Published glucose: 157.8535802045
CRC2957DEVICEPUMP
