Subscribed to: cgm/glucose
Subscribed to: pump/status
Subscribed to: remote/command
CRC421DEVICECGM
CRC1503DEVICECGM
CRC2649DEVICECGM
CRC530DEVICECGM
CRC843DEVICECGM
CRC1380DEVICEPUMP
CRC848DEVICEPUMP
CRC2182DEVICECGM
CRC365DEVICEPUMP
CRC3378DEVICECGM
CRC1898DEVICEPUMP
CRC3447DEVICECGM
CRC1884DEVICEPUMP
CRC360DEVICEPUMP
CRC2990DEVICECGM
CRC42DEVICEPUMP
CRC2478DEVICECGM
CRC2227DEVICEPUMP
CRC3289DEVICECGM
CRC768DEVICEPUMP
CRC1332DEVICEPUMP
CRC3171DEVICECGM
CRC1025DEVICEPUMP
CRC2327DEVICECGM
CRC1215DEVICEPUMP
