Publisher connected
Subscribed to: cgm/glucose
Subscribed to: remote/command
CRC287DEVICECGM
0
-1
CRC1381DEVICECGM
1
0
CRC2787DEVICECGM
2
1
CRC3883DEVICEremote
3
2
CRC1396DEVICEPUMP
Published: PUMP|ddc7b6db-f546-4cf6-9563-911d1411da75|status|2.0|0|1396|0101
CRC345DEVICECGM
3
3
DROP: replay detected
CRC957DEVICECGM
4
3
CRC832DEVICEPUMP
Published: PUMP|ddc7b6db-f546-4cf6-9563-911d1411da75|status|2.0|1|832|0101
CRC3785DEVICECGM
5
4
CRC1842DEVICECGM
6
5
CRC3409DEVICEPUMP
Published: PUMP|ddc7b6db-f546-4cf6-9563-911d1411da75|status|0.0486099999999999|2|3409|0101
CRC2184DEVICECGM
7
6
CRC1353DEVICEPUMP
Published: PUMP|ddc7b6db-f546-4cf6-9563-911d1411da75|status|0.3354853|3|1353|0101
CRC2010DEVICEPUMP
Published: PUMP|ddc7b6db-f546-4cf6-9563-911d1411da75|status|0.3354853|4|2010|0101
CRC373DEVICECGM
8
7
CRC2275DEVICEPUMP
Published: PUMP|ddc7b6db-f546-4cf6-9563-911d1411da75|status|0.6206460329999999|5|2275|0101
CRC1625DEVICECGM
9
8
CRC2957DEVICEPUMP
Published: PUMP|ddc7b6db-f546-4cf6-9563-911d1411da75|status|0.9570716040899998|6|2957|0101
